LCA of nodes 9 and 7 is 7
LCA of nodes 10 and 10 is 10
LCA of nodes 7 and 7 is 7
LCA of nodes 9 and 2 is 7
LCA of nodes 9 and 4 is 10
